{
'postgraphql:src/__tests__/utils/withPgClient.ts':[
22,
],
}
