{
'ocanvas:src/mouse.js':[
55,
63,
79,
],
'ocanvas:src/touch.js':[
61,
66,
82,
],
}
