{
'javascript-test-sources:src/ecmascript6/ecmascript6-today/1-let.js':[
16,
],
'javascript-test-sources:src/ecmascript6/router/src/navigationPlan.js':[
39,
46,
],
'javascript-test-sources:src/ecmascript6/router/third_party/brick/brick-1.0.1.byob.js':[
1514,
],
}
