{
'TypeScript:scripts/importDefinitelyTypedTests/importDefinitelyTypedTests.ts':[
21,
],
'TypeScript:src/harness/harnessLanguageService.ts':[
372,
],
'TypeScript:src/services/services.ts':[
1008,
1038,
],
}
