{
'TypeScript:src/compiler/core.ts':[
951,
959,
971,
984,
],
'TypeScript:src/compiler/utilities.ts':[
2940,
],
'TypeScript:src/harness/sourceMapRecorder.ts':[
89,
],
}
