{
'TypeScript:src/compiler/core.ts':[
1985,
],
'TypeScript:src/server/typingsInstaller/typingsInstaller.ts':[
421,
],
'TypeScript:src/services/transpile.ts':[
147,
],
}
