{
'p5.js:tasks/test/mocha-chrome.js':[
62,
],
'p5.js:test/js/sinon.js':[
4631,
],
'p5.js:test/unit/core/rendering.js':[
126,
130,
],
}
